// Jest Snapshot v1, https://goo.gl/fbAQLP

exports[`It renders a group of tests renders the ActivityIndicator component 1`] = `
<ActivityIndicator
  animating={true}
  color="#999999"
  hidesWhenStopped={true}
  size="small"
/>
`;

exports[`It renders a group of tests renders the Image component 1`] = `
<Image
  style={
    Object {
      "height": 240,
      "width": 320,
    }
  }
/>
`;

exports[`It renders a group of tests renders the Intro component 1`] = `
<View
  style={
    Object {
      "alignItems": "center",
      "backgroundColor": "#F5FCFF",
      "flex": 1,
      "justifyContent": "center",
    }
  }
>
  <Text
    accessible={true}
    allowFontScaling={true}
    ellipsizeMode="tail"
    style={
      Object {
        "fontSize": 20,
        "margin": 10,
        "textAlign": "center",
      }
    }
  >
    Welcome to React Native!
  </Text>
  <Text
    accessible={true}
    allowFontScaling={true}
    ellipsizeMode="tail"
    style={
      Object {
        "color": "#333333",
        "marginBottom": 5,
        "textAlign": "center",
      }
    }
  >
    This is a React Native snapshot test.
  </Text>
</View>
`;

exports[`It renders a group of tests renders the ListView component 1`] = `
<ScrollView
  dataSource={
    ListViewDataSource {
      "items": 3,
    }
  }
  initialListSize={10}
  onContentSizeChange={[Function]}
  onEndReachedThreshold={1000}
  onKeyboardDidHide={undefined}
  onKeyboardDidShow={undefined}
  onKeyboardWillHide={undefined}
  onKeyboardWillShow={undefined}
  onLayout={[Function]}
  onScroll={[Function]}
  pageSize={1}
  pagingEnabled={true}
  removeClippedSubviews={true}
  renderRow={[Function]}
  scrollEventThrottle={50}
  scrollRenderAheadDistance={1000}
  stickyHeaderIndices={Array []}
  stickySectionHeadersEnabled={true}
>
  <Text
    accessible={true}
    allowFontScaling={true}
    ellipsizeMode="tail"
  >
    apple
  </Text>
  <Text
    accessible={true}
    allowFontScaling={true}
    ellipsizeMode="tail"
  >
    banana
  </Text>
  <Text
    accessible={true}
    allowFontScaling={true}
    ellipsizeMode="tail"
  >
    kiwi
  </Text>
</ScrollView>
`;

exports[`It renders a group of tests renders the TextInput component 1`] = `
<TextInput
  autoCorrect={false}
  value="apple banana kiwi"
/>
`;
